\BOOKMARK [0][-]{chapter*.1}{\376\377\000L\036\335\000i\000\040\000c\036\243\000m\000\040\001\241\000n}{}% 1
\BOOKMARK [0][-]{chapter*.2}{\376\377\000T\000\363\000m\000\040\000t\036\257\000t\000\040\001\021\036\323\000\040\000\341\000n}{}% 2
\BOOKMARK [0][-]{chapter.1}{\376\377\000M\036\337\000\040\001\021\036\247\000u}{}% 3
\BOOKMARK [1][-]{section.1.1}{\376\377\000L\000\375\000\040\000d\000o\000\040\000c\000h\036\315\000n\000\040\001\021\036\301\000\040\000t\000\340\000i}{chapter.1}% 4
\BOOKMARK [1][-]{section.1.2}{\376\377\000M\036\345\000c\000\040\000t\000i\000\352\000u}{chapter.1}% 5
\BOOKMARK [1][-]{section.1.3}{\376\377\001\020\036\321\000i\000\040\000t\001\260\036\343\000n\000g\000\040\000s\036\355\000\040\000d\036\345\000n\000g}{chapter.1}% 6
\BOOKMARK [1][-]{section.1.4}{\376\377\000P\000h\036\241\000m\000\040\000v\000i\000\040\001\021\036\301\000\040\000t\000\340\000i}{chapter.1}% 7
\BOOKMARK [0][-]{chapter.2}{\376\377\000C\001\241\000\040\000s\036\337\000\040\000l\000\375\000\040\000t\000h\000u\000y\036\277\000t\000\040\000v\000\340\000\040\000c\000\364\000n\000g\000\040\000n\000g\000h\036\307}{}% 8
\BOOKMARK [1][-]{section.2.1}{\376\377\000M\000\364\000\040\000h\000\354\000n\000h\000\040\000c\000l\000i\000e\000n\000t\040\023\000s\000e\000r\000v\000e\000r}{chapter.2}% 9
\BOOKMARK [1][-]{section.2.2}{\376\377\000A\000S\000P\000.\000N\000E\000T\000\040\000C\000o\000r\000e}{chapter.2}% 10
\BOOKMARK [1][-]{section.2.3}{\376\377\000U\000n\000i\000t\000y}{chapter.2}% 11
\BOOKMARK [1][-]{section.2.4}{\376\377\000S\000i\000g\000n\000a\000l\000R\000\040\000v\000\340\000\040\000g\000i\000a\000o\000\040\000t\000i\036\277\000p\000\040\000t\000h\036\335\000i\000\040\000g\000i\000a\000n\000\040\000t\000h\036\361\000c}{chapter.2}% 12
\BOOKMARK [1][-]{section.2.5}{\376\377\000P\000o\000s\000t\000g\000r\000e\000S\000Q\000L\000\040\000v\000\340\000\040\000E\000n\000t\000i\000t\000y\000\040\000F\000r\000a\000m\000e\000w\000o\000r\000k\000\040\000C\000o\000r\000e}{chapter.2}% 13
\BOOKMARK [1][-]{section.2.6}{\376\377\000R\000e\000d\000i\000s}{chapter.2}% 14
\BOOKMARK [1][-]{section.2.7}{\376\377\000J\000S\000O\000N\000\040\000W\000e\000b\000\040\000T\000o\000k\000e\000n}{chapter.2}% 15
\BOOKMARK [0][-]{chapter.3}{\376\377\000P\000h\000\342\000n\000\040\000t\000\355\000c\000h\000\040\000v\000\340\000\040\000t\000h\000i\036\277\000t\000\040\000k\036\277\000\040\000h\036\307\000\040\000t\000h\036\321\000n\000g}{}% 16
\BOOKMARK [1][-]{section.3.1}{\376\377\000Y\000\352\000u\000\040\000c\036\247\000u\000\040\000c\000h\036\351\000c\000\040\000n\001\003\000n\000g}{chapter.3}% 17
\BOOKMARK [1][-]{section.3.2}{\376\377\000Y\000\352\000u\000\040\000c\036\247\000u\000\040\000p\000h\000i\000\040\000c\000h\036\351\000c\000\040\000n\001\003\000n\000g}{chapter.3}% 18
\BOOKMARK [1][-]{section.3.3}{\376\377\000K\000i\036\277\000n\000\040\000t\000r\000\372\000c\000\040\000t\036\325\000n\000g\000\040\000t\000h\036\303}{chapter.3}% 19
\BOOKMARK [1][-]{section.3.4}{\376\377\000T\000h\000i\036\277\000t\000\040\000k\036\277\000\040\000A\000P\000I\000\040\000S\000e\000r\000v\000e\000r}{chapter.3}% 20
\BOOKMARK [1][-]{section.3.5}{\376\377\000T\000h\000i\036\277\000t\000\040\000k\036\277\000\040\000G\000a\000m\000e\000\040\000S\000e\000r\000v\000e\000r}{chapter.3}% 21
\BOOKMARK [1][-]{section.3.6}{\376\377\000T\000h\000i\036\277\000t\000\040\000k\036\277\000\040\000d\036\357\000\040\000l\000i\036\307\000u}{chapter.3}% 22
\BOOKMARK [1][-]{section.3.7}{\376\377\000T\000h\000i\036\277\000t\000\040\000k\036\277\000\040\000k\000h\000\364\000i\000\040\000p\000h\036\345\000c\000\040\000k\036\277\000t\000\040\000n\036\321\000i}{chapter.3}% 23
\BOOKMARK [0][-]{chapter.4}{\376\377\000K\036\277\000t\000\040\000q\000u\036\243\000\040\000t\000r\000i\036\303\000n\000\040\000k\000h\000a\000i}{}% 24
\BOOKMARK [1][-]{section.4.1}{\376\377\000C\000h\036\351\000c\000\040\000n\001\003\000n\000g\000\040\000t\000\340\000i\000\040\000k\000h\000o\036\243\000n\000\040\000v\000\340\000\040\000h\036\323\000\040\000s\001\241}{chapter.4}% 25
\BOOKMARK [1][-]{section.4.2}{\376\377\000C\000h\036\351\000c\000\040\000n\001\003\000n\000g\000\040\000b\036\241\000n\000\040\000b\000\350\000\040\000v\000\340\000\040\000t\000h\000\364\000n\000g\000\040\000b\000\341\000o}{chapter.4}% 26
\BOOKMARK [1][-]{section.4.3}{\376\377\000P\000h\000\362\000n\000g\000\040\000c\000h\001\241\000i\000\040\000v\000\340\000\040\000g\000h\000\351\000p\000\040\000t\000r\036\255\000n}{chapter.4}% 27
\BOOKMARK [1][-]{section.4.4}{\376\377\000G\000a\000m\000e\000p\000l\000a\000y\000\040\000t\000h\036\335\000i\000\040\000g\000i\000a\000n\000\040\000t\000h\036\361\000c}{chapter.4}% 28
\BOOKMARK [1][-]{section.4.5}{\376\377\000L\036\313\000c\000h\000\040\000s\036\355\000\040\000v\000\340\000\040\000b\036\243\000n\000g\000\040\000x\036\277\000p\000\040\000h\036\241\000n\000g}{chapter.4}% 29
\BOOKMARK [1][-]{section.4.6}{\376\377\000K\000i\036\303\000m\000\040\000t\000h\036\355}{chapter.4}% 30
\BOOKMARK [1][-]{section.4.7}{\376\377\001\020\000\341\000n\000h\000\040\000g\000i\000\341\000\040\000k\036\277\000t\000\040\000q\000u\036\243}{chapter.4}% 31
\BOOKMARK [2][-]{subsection.4.7.1}{\376\377\001\257\000u\000\040\001\021\000i\036\303\000m}{section.4.7}% 32
\BOOKMARK [2][-]{subsection.4.7.2}{\376\377\000H\036\241\000n\000\040\000c\000h\036\277}{section.4.7}% 33
\BOOKMARK [0][-]{chapter.5}{\376\377\000K\036\277\000t\000\040\000l\000u\036\255\000n}{}% 34
\BOOKMARK [0][-]{chapter.6}{\376\377\000H\001\260\036\333\000n\000g\000\040\000p\000h\000\341\000t\000\040\000t\000r\000i\036\303\000n}{}% 35
\BOOKMARK [0][-]{chapter.6}{\376\377\000T\000\340\000i\000\040\000l\000i\036\307\000u\000\040\000t\000h\000a\000m\000\040\000k\000h\036\243\000o}{}% 36
